2025-05-21 13:50:09 [main] INFO  c.e.c.CreditRiskBatchApplication - Starting CreditRiskBatchApplication using Java 17.0.8 with PID 1880 (C:\Users\andre\OneDrive\Documentos\Escritorio\LenguajesProgramacion\Java_Spring_Batch\2025\CreditRiskBatch\credit-risk-batch\target\classes started by andre in C:\Users\andre\OneDrive\Documentos\Escritorio\LenguajesProgramacion\Java_Spring_Batch\2025\CreditRiskBatch\credit-risk-batch)
2025-05-21 13:50:09 [main] DEBUG c.e.c.CreditRiskBatchApplication - Running with Spring Boot v3.2.5, Spring v6.1.6
2025-05-21 13:50:09 [main] INFO  c.e.c.CreditRiskBatchApplication - No active profile set, falling back to 1 default profile: "default"
2025-05-21 13:50:13 [main] INFO  o.s.d.r.c.RepositoryConfigurationDelegate - Bootstrapping Spring Data JPA repositories in DEFAULT mode.
2025-05-21 13:50:14 [main] INFO  o.s.d.r.c.RepositoryConfigurationDelegate - Finished Spring Data repository scanning in 91 ms. Found 0 JPA repository interfaces.
2025-05-21 13:50:15 [main] WARN  o.s.c.s.PostProcessorRegistrationDelegate$BeanPostProcessorChecker - Bean 'org.springframework.boot.autoconfigure.jdbc.DataSourceConfiguration$Hikari' of type [org.springframework.boot.autoconfigure.jdbc.DataSourceConfiguration$Hikari] is not eligible for getting processed by all BeanPostProcessors (for example: not eligible for auto-proxying). Is this bean getting eagerly injected into a currently created BeanPostProcessor [jobRegistryBeanPostProcessor]? Check the corresponding BeanPostProcessor declaration and its dependencies.
2025-05-21 13:50:16 [main] WARN  o.s.c.s.PostProcessorRegistrationDelegate$BeanPostProcessorChecker - Bean 'spring.datasource-org.springframework.boot.autoconfigure.jdbc.DataSourceProperties' of type [org.springframework.boot.autoconfigure.jdbc.DataSourceProperties] is not eligible for getting processed by all BeanPostProcessors (for example: not eligible for auto-proxying). Is this bean getting eagerly injected into a currently created BeanPostProcessor [jobRegistryBeanPostProcessor]? Check the corresponding BeanPostProcessor declaration and its dependencies.
2025-05-21 13:50:16 [main] WARN  o.s.c.s.PostProcessorRegistrationDelegate$BeanPostProcessorChecker - Bean 'org.springframework.boot.autoconfigure.jdbc.DataSourceAutoConfiguration$PooledDataSourceConfiguration' of type [org.springframework.boot.autoconfigure.jdbc.DataSourceAutoConfiguration$PooledDataSourceConfiguration] is not eligible for getting processed by all BeanPostProcessors (for example: not eligible for auto-proxying). Is this bean getting eagerly injected into a currently created BeanPostProcessor [jobRegistryBeanPostProcessor]? Check the corresponding BeanPostProcessor declaration and its dependencies.
2025-05-21 13:50:16 [main] WARN  o.s.c.s.PostProcessorRegistrationDelegate$BeanPostProcessorChecker - Bean 'jdbcConnectionDetails' of type [org.springframework.boot.autoconfigure.jdbc.PropertiesJdbcConnectionDetails] is not eligible for getting processed by all BeanPostProcessors (for example: not eligible for auto-proxying). Is this bean getting eagerly injected into a currently created BeanPostProcessor [jobRegistryBeanPostProcessor]? Check the corresponding BeanPostProcessor declaration and its dependencies.
2025-05-21 13:50:16 [main] WARN  o.s.c.s.PostProcessorRegistrationDelegate$BeanPostProcessorChecker - Bean 'dataSource' of type [com.zaxxer.hikari.HikariDataSource] is not eligible for getting processed by all BeanPostProcessors (for example: not eligible for auto-proxying). Is this bean getting eagerly injected into a currently created BeanPostProcessor [jobRegistryBeanPostProcessor]? Check the corresponding BeanPostProcessor declaration and its dependencies.
2025-05-21 13:50:16 [main] WARN  o.s.c.s.PostProcessorRegistrationDelegate$BeanPostProcessorChecker - Bean 'spring.jpa-org.springframework.boot.autoconfigure.orm.jpa.JpaProperties' of type [org.springframework.boot.autoconfigure.orm.jpa.JpaProperties] is not eligible for getting processed by all BeanPostProcessors (for example: not eligible for auto-proxying). Is this bean getting eagerly injected into a currently created BeanPostProcessor [jobRegistryBeanPostProcessor]? Check the corresponding BeanPostProcessor declaration and its dependencies.
2025-05-21 13:50:16 [main] WARN  o.s.c.s.PostProcessorRegistrationDelegate$BeanPostProcessorChecker - Bean 'spring.jpa.hibernate-org.springframework.boot.autoconfigure.orm.jpa.HibernateProperties' of type [org.springframework.boot.autoconfigure.orm.jpa.HibernateProperties] is not eligible for getting processed by all BeanPostProcessors (for example: not eligible for auto-proxying). Is this bean getting eagerly injected into a currently created BeanPostProcessor [jobRegistryBeanPostProcessor]? Check the corresponding BeanPostProcessor declaration and its dependencies.
2025-05-21 13:50:16 [main] WARN  o.s.c.s.PostProcessorRegistrationDelegate$BeanPostProcessorChecker - Bean 'org.springframework.boot.autoconfigure.jdbc.metadata.DataSourcePoolMetadataProvidersConfiguration$HikariPoolDataSourceMetadataProviderConfiguration' of type [org.springframework.boot.autoconfigure.jdbc.metadata.DataSourcePoolMetadataProvidersConfiguration$HikariPoolDataSourceMetadataProviderConfiguration] is not eligible for getting processed by all BeanPostProcessors (for example: not eligible for auto-proxying). Is this bean getting eagerly injected into a currently created BeanPostProcessor [jobRegistryBeanPostProcessor]? Check the corresponding BeanPostProcessor declaration and its dependencies.
2025-05-21 13:50:16 [main] WARN  o.s.c.s.PostProcessorRegistrationDelegate$BeanPostProcessorChecker - Bean 'hikariPoolDataSourceMetadataProvider' of type [org.springframework.boot.autoconfigure.jdbc.metadata.DataSourcePoolMetadataProvidersConfiguration$HikariPoolDataSourceMetadataProviderConfiguration$$Lambda$485/0x000001fd01322228] is not eligible for getting processed by all BeanPostProcessors (for example: not eligible for auto-proxying). Is this bean getting eagerly injected into a currently created BeanPostProcessor [jobRegistryBeanPostProcessor]? Check the corresponding BeanPostProcessor declaration and its dependencies.
2025-05-21 13:50:16 [main] WARN  o.s.c.s.PostProcessorRegistrationDelegate$BeanPostProcessorChecker - Bean 'org.springframework.boot.autoconfigure.orm.jpa.HibernateJpaConfiguration' of type [org.springframework.boot.autoconfigure.orm.jpa.HibernateJpaConfiguration] is not eligible for getting processed by all BeanPostProcessors (for example: not eligible for auto-proxying). Is this bean getting eagerly injected into a currently created BeanPostProcessor [jobRegistryBeanPostProcessor]? Check the corresponding BeanPostProcessor declaration and its dependencies.
2025-05-21 13:50:16 [main] WARN  o.s.c.s.PostProcessorRegistrationDelegate$BeanPostProcessorChecker - Bean 'org.springframework.boot.autoconfigure.transaction.TransactionManagerCustomizationAutoConfiguration' of type [org.springframework.boot.autoconfigure.transaction.TransactionManagerCustomizationAutoConfiguration] is not eligible for getting processed by all BeanPostProcessors (for example: not eligible for auto-proxying). Is this bean getting eagerly injected into a currently created BeanPostProcessor [jobRegistryBeanPostProcessor]? Check the corresponding BeanPostProcessor declaration and its dependencies.
2025-05-21 13:50:16 [main] WARN  o.s.c.s.PostProcessorRegistrationDelegate$BeanPostProcessorChecker - Bean 'transactionExecutionListeners' of type [org.springframework.boot.autoconfigure.transaction.ExecutionListenersTransactionManagerCustomizer] is not eligible for getting processed by all BeanPostProcessors (for example: not eligible for auto-proxying). Is this bean getting eagerly injected into a currently created BeanPostProcessor [jobRegistryBeanPostProcessor]? Check the corresponding BeanPostProcessor declaration and its dependencies.
2025-05-21 13:50:16 [main] WARN  o.s.c.s.PostProcessorRegistrationDelegate$BeanPostProcessorChecker - Bean 'spring.transaction-org.springframework.boot.autoconfigure.transaction.TransactionProperties' of type [org.springframework.boot.autoconfigure.transaction.TransactionProperties] is not eligible for getting processed by all BeanPostProcessors (for example: not eligible for auto-proxying). Is this bean getting eagerly injected into a currently created BeanPostProcessor [jobRegistryBeanPostProcessor]? Check the corresponding BeanPostProcessor declaration and its dependencies.
2025-05-21 13:50:16 [main] WARN  o.s.c.s.PostProcessorRegistrationDelegate$BeanPostProcessorChecker - Bean 'platformTransactionManagerCustomizers' of type [org.springframework.boot.autoconfigure.transaction.TransactionManagerCustomizers] is not eligible for getting processed by all BeanPostProcessors (for example: not eligible for auto-proxying). Is this bean getting eagerly injected into a currently created BeanPostProcessor [jobRegistryBeanPostProcessor]? Check the corresponding BeanPostProcessor declaration and its dependencies.
2025-05-21 13:50:16 [main] WARN  o.s.c.s.PostProcessorRegistrationDelegate$BeanPostProcessorChecker - Bean 'org.springframework.boot.autoconfigure.sql.init.DataSourceInitializationConfiguration' of type [org.springframework.boot.autoconfigure.sql.init.DataSourceInitializationConfiguration] is not eligible for getting processed by all BeanPostProcessors (for example: not eligible for auto-proxying). Is this bean getting eagerly injected into a currently created BeanPostProcessor [jobRegistryBeanPostProcessor]? Check the corresponding BeanPostProcessor declaration and its dependencies.
2025-05-21 13:50:16 [main] WARN  o.s.c.s.PostProcessorRegistrationDelegate$BeanPostProcessorChecker - Bean 'spring.sql.init-org.springframework.boot.autoconfigure.sql.init.SqlInitializationProperties' of type [org.springframework.boot.autoconfigure.sql.init.SqlInitializationProperties] is not eligible for getting processed by all BeanPostProcessors (for example: not eligible for auto-proxying). Is this bean getting eagerly injected into a currently created BeanPostProcessor [jobRegistryBeanPostProcessor]? Check the corresponding BeanPostProcessor declaration and its dependencies.
2025-05-21 13:50:16 [main] WARN  o.s.c.s.PostProcessorRegistrationDelegate$BeanPostProcessorChecker - Bean 'dataSourceScriptDatabaseInitializer' of type [org.springframework.boot.autoconfigure.sql.init.SqlDataSourceScriptDatabaseInitializer] is not eligible for getting processed by all BeanPostProcessors (for example: not eligible for auto-proxying). Is this bean getting eagerly injected into a currently created BeanPostProcessor [jobRegistryBeanPostProcessor]? Check the corresponding BeanPostProcessor declaration and its dependencies.
2025-05-21 13:50:16 [main] WARN  o.s.c.s.PostProcessorRegistrationDelegate$BeanPostProcessorChecker - Bean 'org.springframework.boot.autoconfigure.batch.BatchAutoConfiguration$DataSourceInitializerConfiguration' of type [org.springframework.boot.autoconfigure.batch.BatchAutoConfiguration$DataSourceInitializerConfiguration] is not eligible for getting processed by all BeanPostProcessors (for example: not eligible for auto-proxying). Is this bean getting eagerly injected into a currently created BeanPostProcessor [jobRegistryBeanPostProcessor]? Check the corresponding BeanPostProcessor declaration and its dependencies.
2025-05-21 13:50:16 [main] WARN  o.s.c.s.PostProcessorRegistrationDelegate$BeanPostProcessorChecker - Bean 'spring.batch-org.springframework.boot.autoconfigure.batch.BatchProperties' of type [org.springframework.boot.autoconfigure.batch.BatchProperties] is not eligible for getting processed by all BeanPostProcessors (for example: not eligible for auto-proxying). Is this bean getting eagerly injected into a currently created BeanPostProcessor [jobRegistryBeanPostProcessor]? Check the corresponding BeanPostProcessor declaration and its dependencies.
2025-05-21 13:50:16 [main] INFO  com.zaxxer.hikari.HikariDataSource - HikariPool-1 - Starting...
2025-05-21 13:50:17 [main] INFO  com.zaxxer.hikari.pool.HikariPool - HikariPool-1 - Added connection conn0: url=jdbc:h2:mem:creditriskdb user=SA
2025-05-21 13:50:17 [main] INFO  com.zaxxer.hikari.HikariDataSource - HikariPool-1 - Start completed.
2025-05-21 13:50:17 [main] WARN  o.s.c.s.PostProcessorRegistrationDelegate$BeanPostProcessorChecker - Bean 'batchDataSourceInitializer' of type [org.springframework.boot.autoconfigure.batch.BatchDataSourceScriptDatabaseInitializer] is not eligible for getting processed by all BeanPostProcessors (for example: not eligible for auto-proxying). Is this bean getting eagerly injected into a currently created BeanPostProcessor [jobRegistryBeanPostProcessor]? Check the corresponding BeanPostProcessor declaration and its dependencies.
2025-05-21 13:50:17 [main] WARN  o.s.c.s.PostProcessorRegistrationDelegate$BeanPostProcessorChecker - Bean 'jpaVendorAdapter' of type [org.springframework.orm.jpa.vendor.HibernateJpaVendorAdapter] is not eligible for getting processed by all BeanPostProcessors (for example: not eligible for auto-proxying). Is this bean getting eagerly injected into a currently created BeanPostProcessor [jobRegistryBeanPostProcessor]? Check the corresponding BeanPostProcessor declaration and its dependencies.
2025-05-21 13:50:17 [main] WARN  o.s.c.s.PostProcessorRegistrationDelegate$BeanPostProcessorChecker - Bean 'entityManagerFactoryBuilder' of type [org.springframework.boot.orm.jpa.EntityManagerFactoryBuilder] is not eligible for getting processed by all BeanPostProcessors (for example: not eligible for auto-proxying). Is this bean getting eagerly injected into a currently created BeanPostProcessor [jobRegistryBeanPostProcessor]? Check the corresponding BeanPostProcessor declaration and its dependencies.
2025-05-21 13:50:17 [main] WARN  o.s.c.s.PostProcessorRegistrationDelegate$BeanPostProcessorChecker - Bean 'persistenceManagedTypes' of type [org.springframework.orm.jpa.persistenceunit.SimplePersistenceManagedTypes] is not eligible for getting processed by all BeanPostProcessors (for example: not eligible for auto-proxying). Is this bean getting eagerly injected into a currently created BeanPostProcessor [jobRegistryBeanPostProcessor]? Check the corresponding BeanPostProcessor declaration and its dependencies.
2025-05-21 13:50:18 [main] INFO  o.h.jpa.internal.util.LogHelper - HHH000204: Processing PersistenceUnitInfo [name: default]
2025-05-21 13:50:18 [main] INFO  org.hibernate.Version - HHH000412: Hibernate ORM core version 6.4.4.Final
2025-05-21 13:50:18 [main] INFO  o.h.c.i.RegionFactoryInitiator - HHH000026: Second-level cache disabled
2025-05-21 13:50:19 [main] INFO  o.s.o.j.p.SpringPersistenceUnitInfo - No LoadTimeWeaver setup: ignoring JPA class transformer
2025-05-21 13:50:19 [main] WARN  org.hibernate.orm.deprecation - HHH90000025: H2Dialect does not need to be specified explicitly using 'hibernate.dialect' (remove the property setting and it will be selected by default)
2025-05-21 13:50:23 [main] INFO  o.h.e.t.j.p.i.JtaPlatformInitiator - HHH000489: No JTA platform available (set 'hibernate.transaction.jta.platform' to enable JTA platform integration)
2025-05-21 13:50:23 [main] DEBUG org.hibernate.SQL - 
    create table credit_risk_data (
        id bigint generated by default as identity,
        credit_score float(53),
        customer_id varchar(255),
        customer_name varchar(255),
        debt_to_income_ratio float(53),
        income float(53),
        payment_history integer,
        risk_category varchar(255),
        status varchar(255),
        primary key (id)
    )
2025-05-21 13:50:23 [main] INFO  o.s.o.j.LocalContainerEntityManagerFactoryBean - Initialized JPA EntityManagerFactory for persistence unit 'default'
2025-05-21 13:50:23 [main] WARN  o.s.c.s.PostProcessorRegistrationDelegate$BeanPostProcessorChecker - Bean 'entityManagerFactory' of type [org.springframework.orm.jpa.LocalContainerEntityManagerFactoryBean] is not eligible for getting processed by all BeanPostProcessors (for example: not eligible for auto-proxying). Is this bean getting eagerly injected into a currently created BeanPostProcessor [jobRegistryBeanPostProcessor]? Check the corresponding BeanPostProcessor declaration and its dependencies.
2025-05-21 13:50:23 [main] WARN  o.s.c.s.PostProcessorRegistrationDelegate$BeanPostProcessorChecker - Bean 'entityManagerFactory' of type [jdk.proxy2.$Proxy97] is not eligible for getting processed by all BeanPostProcessors (for example: not eligible for auto-proxying). Is this bean getting eagerly injected into a currently created BeanPostProcessor [jobRegistryBeanPostProcessor]? Check the corresponding BeanPostProcessor declaration and its dependencies.
2025-05-21 13:50:23 [main] WARN  o.s.c.s.PostProcessorRegistrationDelegate$BeanPostProcessorChecker - Bean 'transactionManager' of type [org.springframework.orm.jpa.JpaTransactionManager] is not eligible for getting processed by all BeanPostProcessors (for example: not eligible for auto-proxying). Is this bean getting eagerly injected into a currently created BeanPostProcessor [jobRegistryBeanPostProcessor]? Check the corresponding BeanPostProcessor declaration and its dependencies.
2025-05-21 13:50:23 [main] WARN  o.s.c.s.PostProcessorRegistrationDelegate$BeanPostProcessorChecker - Bean 'org.springframework.boot.autoconfigure.batch.BatchAutoConfiguration$SpringBootBatchConfiguration' of type [org.springframework.boot.autoconfigure.batch.BatchAutoConfiguration$SpringBootBatchConfiguration] is not eligible for getting processed by all BeanPostProcessors (for example: not eligible for auto-proxying). The currently created BeanPostProcessor [jobRegistryBeanPostProcessor] is declared through a non-static factory method on that class; consider declaring it as static instead.
2025-05-21 13:50:24 [main] DEBUG o.s.b.c.c.s.JobRegistryBeanPostProcessor - Registering job: creditRiskAnalysisJob
2025-05-21 13:50:26 [main] INFO  c.e.c.CreditRiskBatchApplication - Started CreditRiskBatchApplication in 20.673 seconds (process running for 23.237)
2025-05-21 13:50:26 [main] INFO  o.s.b.a.b.JobLauncherApplicationRunner - Running default command line with: []
2025-05-21 13:50:26 [main] INFO  o.s.b.c.l.support.SimpleJobLauncher - Job: [SimpleJob: [name=creditRiskAnalysisJob]] launched with the following parameters: [{}]
2025-05-21 13:50:26 [main] DEBUG o.s.batch.core.job.AbstractJob - Job execution starting: JobExecution: id=1, version=0, startTime=null, endTime=null, lastUpdated=2025-05-21T13:50:26.945850400, status=STARTING, exitStatus=exitCode=UNKNOWN;exitDescription=, job=[JobInstance: id=1, version=0, Job=[creditRiskAnalysisJob]], jobParameters=[{}]
2025-05-21 13:50:27 [main] INFO  o.s.batch.core.job.SimpleStepHandler - Executing step: [creditRiskAnalysisStep]
2025-05-21 13:50:27 [main] DEBUG o.s.batch.core.step.AbstractStep - Executing: id=1
2025-05-21 13:50:27 [main] DEBUG o.s.b.repeat.support.RepeatTemplate - Starting repeat context.
2025-05-21 13:50:27 [main] DEBUG o.s.b.repeat.support.RepeatTemplate - Repeat operation about to start at count=1
2025-05-21 13:50:27 [main] DEBUG o.s.b.c.s.c.StepContextRepeatCallback - Preparing chunk execution for StepContext: org.springframework.batch.core.scope.context.StepContext@47bbf44d
2025-05-21 13:50:27 [main] DEBUG o.s.b.c.s.c.StepContextRepeatCallback - Chunk execution starting: queue size=0
2025-05-21 13:50:27 [main] DEBUG o.s.b.repeat.support.RepeatTemplate - Starting repeat context.
2025-05-21 13:50:27 [main] DEBUG o.s.b.repeat.support.RepeatTemplate - Repeat operation about to start at count=1
2025-05-21 13:50:27 [main] DEBUG o.s.b.repeat.support.RepeatTemplate - Repeat operation about to start at count=2
2025-05-21 13:50:27 [main] DEBUG o.s.b.repeat.support.RepeatTemplate - Repeat operation about to start at count=3
2025-05-21 13:50:27 [main] DEBUG o.s.b.repeat.support.RepeatTemplate - Repeat operation about to start at count=4
2025-05-21 13:50:27 [main] DEBUG o.s.b.repeat.support.RepeatTemplate - Repeat operation about to start at count=5
2025-05-21 13:50:27 [main] DEBUG o.s.b.repeat.support.RepeatTemplate - Repeat operation about to start at count=6
2025-05-21 13:50:27 [main] DEBUG o.s.b.repeat.support.RepeatTemplate - Repeat is complete according to policy and result value.
2025-05-21 13:50:27 [main] DEBUG o.s.b.item.database.JpaItemWriter - Writing to JPA with 5 items.
2025-05-21 13:50:27 [main] DEBUG org.hibernate.SQL - 
    insert 
    into
        credit_risk_data
        (credit_score, customer_id, customer_name, debt_to_income_ratio, income, payment_history, risk_category, status, id) 
    values
        (?, ?, ?, ?, ?, ?, ?, ?, default)
2025-05-21 13:50:27 [main] DEBUG org.hibernate.SQL - 
    insert 
    into
        credit_risk_data
        (credit_score, customer_id, customer_name, debt_to_income_ratio, income, payment_history, risk_category, status, id) 
    values
        (?, ?, ?, ?, ?, ?, ?, ?, default)
2025-05-21 13:50:27 [main] DEBUG org.hibernate.SQL - 
    insert 
    into
        credit_risk_data
        (credit_score, customer_id, customer_name, debt_to_income_ratio, income, payment_history, risk_category, status, id) 
    values
        (?, ?, ?, ?, ?, ?, ?, ?, default)
2025-05-21 13:50:27 [main] DEBUG org.hibernate.SQL - 
    insert 
    into
        credit_risk_data
        (credit_score, customer_id, customer_name, debt_to_income_ratio, income, payment_history, risk_category, status, id) 
    values
        (?, ?, ?, ?, ?, ?, ?, ?, default)
2025-05-21 13:50:27 [main] DEBUG org.hibernate.SQL - 
    insert 
    into
        credit_risk_data
        (credit_score, customer_id, customer_name, debt_to_income_ratio, income, payment_history, risk_category, status, id) 
    values
        (?, ?, ?, ?, ?, ?, ?, ?, default)
2025-05-21 13:50:27 [main] DEBUG o.s.b.item.database.JpaItemWriter - 5 entities merged.
2025-05-21 13:50:27 [main] DEBUG o.s.b.item.database.JpaItemWriter - 0 entities found in persistence context.
2025-05-21 13:50:27 [main] DEBUG o.s.b.i.s.AbstractFileItemWriter - Writing to file with 5 items.
2025-05-21 13:50:27 [main] DEBUG o.s.b.c.s.item.ChunkOrientedTasklet - Inputs not busy, ended: true
2025-05-21 13:50:27 [main] DEBUG o.s.b.core.step.tasklet.TaskletStep - Applying contribution: [StepContribution: read=5, written=5, filtered=0, readSkips=0, writeSkips=0, processSkips=0, exitStatus=EXECUTING]
2025-05-21 13:50:27 [main] DEBUG o.s.b.core.step.tasklet.TaskletStep - Saving step execution before commit: StepExecution: id=1, version=1, name=creditRiskAnalysisStep, status=STARTED, exitStatus=EXECUTING, readCount=5, filterCount=0, writeCount=5 readSkipCount=0, writeSkipCount=0, processSkipCount=0, commitCount=1, rollbackCount=0, exitDescription=
2025-05-21 13:50:27 [main] DEBUG o.s.b.repeat.support.RepeatTemplate - Repeat is complete according to policy and result value.
2025-05-21 13:50:27 [main] DEBUG o.s.batch.core.step.AbstractStep - Step execution success: id=1
2025-05-21 13:50:27 [main] INFO  o.s.batch.core.step.AbstractStep - Step: [creditRiskAnalysisStep] executed in 622ms
2025-05-21 13:50:27 [main] DEBUG o.s.batch.core.step.AbstractStep - Step execution complete: StepExecution: id=1, version=3, name=creditRiskAnalysisStep, status=COMPLETED, exitStatus=COMPLETED, readCount=5, filterCount=0, writeCount=5 readSkipCount=0, writeSkipCount=0, processSkipCount=0, commitCount=1, rollbackCount=0
2025-05-21 13:50:27 [main] DEBUG o.s.batch.core.job.AbstractJob - Upgrading JobExecution status: StepExecution: id=1, version=3, name=creditRiskAnalysisStep, status=COMPLETED, exitStatus=COMPLETED, readCount=5, filterCount=0, writeCount=5 readSkipCount=0, writeSkipCount=0, processSkipCount=0, commitCount=1, rollbackCount=0, exitDescription=
2025-05-21 13:50:27 [main] DEBUG o.s.batch.core.job.AbstractJob - Job execution complete: JobExecution: id=1, version=1, startTime=2025-05-21T13:50:27.064576900, endTime=null, lastUpdated=2025-05-21T13:50:27.065574400, status=COMPLETED, exitStatus=exitCode=COMPLETED;exitDescription=, job=[JobInstance: id=1, version=0, Job=[creditRiskAnalysisJob]], jobParameters=[{}]
2025-05-21 13:50:27 [main] INFO  o.s.b.c.l.support.SimpleJobLauncher - Job: [SimpleJob: [name=creditRiskAnalysisJob]] completed with the following parameters: [{}] and the following status: [COMPLETED] in 722ms
2025-05-21 13:50:27 [main] DEBUG o.s.b.c.c.s.JobRegistryBeanPostProcessor - Unregistering job: creditRiskAnalysisJob
2025-05-21 13:50:27 [main] INFO  o.s.o.j.LocalContainerEntityManagerFactoryBean - Closing JPA EntityManagerFactory for persistence unit 'default'
2025-05-21 13:50:27 [main] INFO  com.zaxxer.hikari.HikariDataSource - HikariPool-1 - Shutdown initiated...
2025-05-21 13:50:27 [main] INFO  com.zaxxer.hikari.HikariDataSource - HikariPool-1 - Shutdown completed.
2025-05-21 13:51:27 [main] INFO  c.e.c.CreditRiskBatchApplication - Starting CreditRiskBatchApplication using Java 17.0.8 with PID 7920 (C:\Users\andre\OneDrive\Documentos\Escritorio\LenguajesProgramacion\Java_Spring_Batch\2025\CreditRiskBatch\credit-risk-batch\target\classes started by andre in C:\Users\andre\OneDrive\Documentos\Escritorio\LenguajesProgramacion\Java_Spring_Batch\2025\CreditRiskBatch\credit-risk-batch)
2025-05-21 13:51:27 [main] DEBUG c.e.c.CreditRiskBatchApplication - Running with Spring Boot v3.2.5, Spring v6.1.6
2025-05-21 13:51:27 [main] INFO  c.e.c.CreditRiskBatchApplication - No active profile set, falling back to 1 default profile: "default"
2025-05-21 13:51:28 [main] INFO  o.s.d.r.c.RepositoryConfigurationDelegate - Bootstrapping Spring Data JPA repositories in DEFAULT mode.
2025-05-21 13:51:28 [main] INFO  o.s.d.r.c.RepositoryConfigurationDelegate - Finished Spring Data repository scanning in 35 ms. Found 0 JPA repository interfaces.
2025-05-21 13:51:29 [main] WARN  o.s.c.s.PostProcessorRegistrationDelegate$BeanPostProcessorChecker - Bean 'org.springframework.boot.autoconfigure.jdbc.DataSourceConfiguration$Hikari' of type [org.springframework.boot.autoconfigure.jdbc.DataSourceConfiguration$Hikari] is not eligible for getting processed by all BeanPostProcessors (for example: not eligible for auto-proxying). Is this bean getting eagerly injected into a currently created BeanPostProcessor [jobRegistryBeanPostProcessor]? Check the corresponding BeanPostProcessor declaration and its dependencies.
2025-05-21 13:51:29 [main] WARN  o.s.c.s.PostProcessorRegistrationDelegate$BeanPostProcessorChecker - Bean 'spring.datasource-org.springframework.boot.autoconfigure.jdbc.DataSourceProperties' of type [org.springframework.boot.autoconfigure.jdbc.DataSourceProperties] is not eligible for getting processed by all BeanPostProcessors (for example: not eligible for auto-proxying). Is this bean getting eagerly injected into a currently created BeanPostProcessor [jobRegistryBeanPostProcessor]? Check the corresponding BeanPostProcessor declaration and its dependencies.
2025-05-21 13:51:29 [main] WARN  o.s.c.s.PostProcessorRegistrationDelegate$BeanPostProcessorChecker - Bean 'org.springframework.boot.autoconfigure.jdbc.DataSourceAutoConfiguration$PooledDataSourceConfiguration' of type [org.springframework.boot.autoconfigure.jdbc.DataSourceAutoConfiguration$PooledDataSourceConfiguration] is not eligible for getting processed by all BeanPostProcessors (for example: not eligible for auto-proxying). Is this bean getting eagerly injected into a currently created BeanPostProcessor [jobRegistryBeanPostProcessor]? Check the corresponding BeanPostProcessor declaration and its dependencies.
2025-05-21 13:51:29 [main] WARN  o.s.c.s.PostProcessorRegistrationDelegate$BeanPostProcessorChecker - Bean 'jdbcConnectionDetails' of type [org.springframework.boot.autoconfigure.jdbc.PropertiesJdbcConnectionDetails] is not eligible for getting processed by all BeanPostProcessors (for example: not eligible for auto-proxying). Is this bean getting eagerly injected into a currently created BeanPostProcessor [jobRegistryBeanPostProcessor]? Check the corresponding BeanPostProcessor declaration and its dependencies.
2025-05-21 13:51:29 [main] WARN  o.s.c.s.PostProcessorRegistrationDelegate$BeanPostProcessorChecker - Bean 'dataSource' of type [com.zaxxer.hikari.HikariDataSource] is not eligible for getting processed by all BeanPostProcessors (for example: not eligible for auto-proxying). Is this bean getting eagerly injected into a currently created BeanPostProcessor [jobRegistryBeanPostProcessor]? Check the corresponding BeanPostProcessor declaration and its dependencies.
2025-05-21 13:51:29 [main] WARN  o.s.c.s.PostProcessorRegistrationDelegate$BeanPostProcessorChecker - Bean 'spring.jpa-org.springframework.boot.autoconfigure.orm.jpa.JpaProperties' of type [org.springframework.boot.autoconfigure.orm.jpa.JpaProperties] is not eligible for getting processed by all BeanPostProcessors (for example: not eligible for auto-proxying). Is this bean getting eagerly injected into a currently created BeanPostProcessor [jobRegistryBeanPostProcessor]? Check the corresponding BeanPostProcessor declaration and its dependencies.
2025-05-21 13:51:29 [main] WARN  o.s.c.s.PostProcessorRegistrationDelegate$BeanPostProcessorChecker - Bean 'spring.jpa.hibernate-org.springframework.boot.autoconfigure.orm.jpa.HibernateProperties' of type [org.springframework.boot.autoconfigure.orm.jpa.HibernateProperties] is not eligible for getting processed by all BeanPostProcessors (for example: not eligible for auto-proxying). Is this bean getting eagerly injected into a currently created BeanPostProcessor [jobRegistryBeanPostProcessor]? Check the corresponding BeanPostProcessor declaration and its dependencies.
2025-05-21 13:51:29 [main] WARN  o.s.c.s.PostProcessorRegistrationDelegate$BeanPostProcessorChecker - Bean 'org.springframework.boot.autoconfigure.jdbc.metadata.DataSourcePoolMetadataProvidersConfiguration$HikariPoolDataSourceMetadataProviderConfiguration' of type [org.springframework.boot.autoconfigure.jdbc.metadata.DataSourcePoolMetadataProvidersConfiguration$HikariPoolDataSourceMetadataProviderConfiguration] is not eligible for getting processed by all BeanPostProcessors (for example: not eligible for auto-proxying). Is this bean getting eagerly injected into a currently created BeanPostProcessor [jobRegistryBeanPostProcessor]? Check the corresponding BeanPostProcessor declaration and its dependencies.
2025-05-21 13:51:29 [main] WARN  o.s.c.s.PostProcessorRegistrationDelegate$BeanPostProcessorChecker - Bean 'hikariPoolDataSourceMetadataProvider' of type [org.springframework.boot.autoconfigure.jdbc.metadata.DataSourcePoolMetadataProvidersConfiguration$HikariPoolDataSourceMetadataProviderConfiguration$$Lambda$486/0x0000015cab322000] is not eligible for getting processed by all BeanPostProcessors (for example: not eligible for auto-proxying). Is this bean getting eagerly injected into a currently created BeanPostProcessor [jobRegistryBeanPostProcessor]? Check the corresponding BeanPostProcessor declaration and its dependencies.
2025-05-21 13:51:29 [main] WARN  o.s.c.s.PostProcessorRegistrationDelegate$BeanPostProcessorChecker - Bean 'org.springframework.boot.autoconfigure.orm.jpa.HibernateJpaConfiguration' of type [org.springframework.boot.autoconfigure.orm.jpa.HibernateJpaConfiguration] is not eligible for getting processed by all BeanPostProcessors (for example: not eligible for auto-proxying). Is this bean getting eagerly injected into a currently created BeanPostProcessor [jobRegistryBeanPostProcessor]? Check the corresponding BeanPostProcessor declaration and its dependencies.
2025-05-21 13:51:29 [main] WARN  o.s.c.s.PostProcessorRegistrationDelegate$BeanPostProcessorChecker - Bean 'org.springframework.boot.autoconfigure.transaction.TransactionManagerCustomizationAutoConfiguration' of type [org.springframework.boot.autoconfigure.transaction.TransactionManagerCustomizationAutoConfiguration] is not eligible for getting processed by all BeanPostProcessors (for example: not eligible for auto-proxying). Is this bean getting eagerly injected into a currently created BeanPostProcessor [jobRegistryBeanPostProcessor]? Check the corresponding BeanPostProcessor declaration and its dependencies.
2025-05-21 13:51:29 [main] WARN  o.s.c.s.PostProcessorRegistrationDelegate$BeanPostProcessorChecker - Bean 'transactionExecutionListeners' of type [org.springframework.boot.autoconfigure.transaction.ExecutionListenersTransactionManagerCustomizer] is not eligible for getting processed by all BeanPostProcessors (for example: not eligible for auto-proxying). Is this bean getting eagerly injected into a currently created BeanPostProcessor [jobRegistryBeanPostProcessor]? Check the corresponding BeanPostProcessor declaration and its dependencies.
2025-05-21 13:51:29 [main] WARN  o.s.c.s.PostProcessorRegistrationDelegate$BeanPostProcessorChecker - Bean 'spring.transaction-org.springframework.boot.autoconfigure.transaction.TransactionProperties' of type [org.springframework.boot.autoconfigure.transaction.TransactionProperties] is not eligible for getting processed by all BeanPostProcessors (for example: not eligible for auto-proxying). Is this bean getting eagerly injected into a currently created BeanPostProcessor [jobRegistryBeanPostProcessor]? Check the corresponding BeanPostProcessor declaration and its dependencies.
2025-05-21 13:51:29 [main] WARN  o.s.c.s.PostProcessorRegistrationDelegate$BeanPostProcessorChecker - Bean 'platformTransactionManagerCustomizers' of type [org.springframework.boot.autoconfigure.transaction.TransactionManagerCustomizers] is not eligible for getting processed by all BeanPostProcessors (for example: not eligible for auto-proxying). Is this bean getting eagerly injected into a currently created BeanPostProcessor [jobRegistryBeanPostProcessor]? Check the corresponding BeanPostProcessor declaration and its dependencies.
2025-05-21 13:51:29 [main] WARN  o.s.c.s.PostProcessorRegistrationDelegate$BeanPostProcessorChecker - Bean 'org.springframework.boot.autoconfigure.sql.init.DataSourceInitializationConfiguration' of type [org.springframework.boot.autoconfigure.sql.init.DataSourceInitializationConfiguration] is not eligible for getting processed by all BeanPostProcessors (for example: not eligible for auto-proxying). Is this bean getting eagerly injected into a currently created BeanPostProcessor [jobRegistryBeanPostProcessor]? Check the corresponding BeanPostProcessor declaration and its dependencies.
2025-05-21 13:51:29 [main] WARN  o.s.c.s.PostProcessorRegistrationDelegate$BeanPostProcessorChecker - Bean 'spring.sql.init-org.springframework.boot.autoconfigure.sql.init.SqlInitializationProperties' of type [org.springframework.boot.autoconfigure.sql.init.SqlInitializationProperties] is not eligible for getting processed by all BeanPostProcessors (for example: not eligible for auto-proxying). Is this bean getting eagerly injected into a currently created BeanPostProcessor [jobRegistryBeanPostProcessor]? Check the corresponding BeanPostProcessor declaration and its dependencies.
2025-05-21 13:51:29 [main] WARN  o.s.c.s.PostProcessorRegistrationDelegate$BeanPostProcessorChecker - Bean 'dataSourceScriptDatabaseInitializer' of type [org.springframework.boot.autoconfigure.sql.init.SqlDataSourceScriptDatabaseInitializer] is not eligible for getting processed by all BeanPostProcessors (for example: not eligible for auto-proxying). Is this bean getting eagerly injected into a currently created BeanPostProcessor [jobRegistryBeanPostProcessor]? Check the corresponding BeanPostProcessor declaration and its dependencies.
2025-05-21 13:51:29 [main] WARN  o.s.c.s.PostProcessorRegistrationDelegate$BeanPostProcessorChecker - Bean 'org.springframework.boot.autoconfigure.batch.BatchAutoConfiguration$DataSourceInitializerConfiguration' of type [org.springframework.boot.autoconfigure.batch.BatchAutoConfiguration$DataSourceInitializerConfiguration] is not eligible for getting processed by all BeanPostProcessors (for example: not eligible for auto-proxying). Is this bean getting eagerly injected into a currently created BeanPostProcessor [jobRegistryBeanPostProcessor]? Check the corresponding BeanPostProcessor declaration and its dependencies.
2025-05-21 13:51:29 [main] WARN  o.s.c.s.PostProcessorRegistrationDelegate$BeanPostProcessorChecker - Bean 'spring.batch-org.springframework.boot.autoconfigure.batch.BatchProperties' of type [org.springframework.boot.autoconfigure.batch.BatchProperties] is not eligible for getting processed by all BeanPostProcessors (for example: not eligible for auto-proxying). Is this bean getting eagerly injected into a currently created BeanPostProcessor [jobRegistryBeanPostProcessor]? Check the corresponding BeanPostProcessor declaration and its dependencies.
2025-05-21 13:51:29 [main] INFO  com.zaxxer.hikari.HikariDataSource - HikariPool-1 - Starting...
2025-05-21 13:51:29 [main] INFO  com.zaxxer.hikari.pool.HikariPool - HikariPool-1 - Added connection conn0: url=jdbc:h2:mem:creditriskdb user=SA
2025-05-21 13:51:29 [main] INFO  com.zaxxer.hikari.HikariDataSource - HikariPool-1 - Start completed.
2025-05-21 13:51:29 [main] WARN  o.s.c.s.PostProcessorRegistrationDelegate$BeanPostProcessorChecker - Bean 'batchDataSourceInitializer' of type [org.springframework.boot.autoconfigure.batch.BatchDataSourceScriptDatabaseInitializer] is not eligible for getting processed by all BeanPostProcessors (for example: not eligible for auto-proxying). Is this bean getting eagerly injected into a currently created BeanPostProcessor [jobRegistryBeanPostProcessor]? Check the corresponding BeanPostProcessor declaration and its dependencies.
2025-05-21 13:51:29 [main] WARN  o.s.c.s.PostProcessorRegistrationDelegate$BeanPostProcessorChecker - Bean 'jpaVendorAdapter' of type [org.springframework.orm.jpa.vendor.HibernateJpaVendorAdapter] is not eligible for getting processed by all BeanPostProcessors (for example: not eligible for auto-proxying). Is this bean getting eagerly injected into a currently created BeanPostProcessor [jobRegistryBeanPostProcessor]? Check the corresponding BeanPostProcessor declaration and its dependencies.
2025-05-21 13:51:29 [main] WARN  o.s.c.s.PostProcessorRegistrationDelegate$BeanPostProcessorChecker - Bean 'entityManagerFactoryBuilder' of type [org.springframework.boot.orm.jpa.EntityManagerFactoryBuilder] is not eligible for getting processed by all BeanPostProcessors (for example: not eligible for auto-proxying). Is this bean getting eagerly injected into a currently created BeanPostProcessor [jobRegistryBeanPostProcessor]? Check the corresponding BeanPostProcessor declaration and its dependencies.
2025-05-21 13:51:29 [main] WARN  o.s.c.s.PostProcessorRegistrationDelegate$BeanPostProcessorChecker - Bean 'persistenceManagedTypes' of type [org.springframework.orm.jpa.persistenceunit.SimplePersistenceManagedTypes] is not eligible for getting processed by all BeanPostProcessors (for example: not eligible for auto-proxying). Is this bean getting eagerly injected into a currently created BeanPostProcessor [jobRegistryBeanPostProcessor]? Check the corresponding BeanPostProcessor declaration and its dependencies.
2025-05-21 13:51:29 [main] INFO  o.h.jpa.internal.util.LogHelper - HHH000204: Processing PersistenceUnitInfo [name: default]
2025-05-21 13:51:30 [main] INFO  org.hibernate.Version - HHH000412: Hibernate ORM core version 6.4.4.Final
2025-05-21 13:51:30 [main] INFO  o.h.c.i.RegionFactoryInitiator - HHH000026: Second-level cache disabled
2025-05-21 13:51:31 [main] INFO  o.s.o.j.p.SpringPersistenceUnitInfo - No LoadTimeWeaver setup: ignoring JPA class transformer
2025-05-21 13:51:31 [main] WARN  org.hibernate.orm.deprecation - HHH90000025: H2Dialect does not need to be specified explicitly using 'hibernate.dialect' (remove the property setting and it will be selected by default)
2025-05-21 13:51:33 [main] INFO  o.h.e.t.j.p.i.JtaPlatformInitiator - HHH000489: No JTA platform available (set 'hibernate.transaction.jta.platform' to enable JTA platform integration)
2025-05-21 13:51:33 [main] DEBUG org.hibernate.SQL - 
    create table credit_risk_data (
        id bigint generated by default as identity,
        credit_score float(53),
        customer_id varchar(255),
        customer_name varchar(255),
        debt_to_income_ratio float(53),
        income float(53),
        payment_history integer,
        risk_category varchar(255),
        status varchar(255),
        primary key (id)
    )
2025-05-21 13:51:33 [main] INFO  o.s.o.j.LocalContainerEntityManagerFactoryBean - Initialized JPA EntityManagerFactory for persistence unit 'default'
2025-05-21 13:51:33 [main] WARN  o.s.c.s.PostProcessorRegistrationDelegate$BeanPostProcessorChecker - Bean 'entityManagerFactory' of type [org.springframework.orm.jpa.LocalContainerEntityManagerFactoryBean] is not eligible for getting processed by all BeanPostProcessors (for example: not eligible for auto-proxying). Is this bean getting eagerly injected into a currently created BeanPostProcessor [jobRegistryBeanPostProcessor]? Check the corresponding BeanPostProcessor declaration and its dependencies.
2025-05-21 13:51:33 [main] WARN  o.s.c.s.PostProcessorRegistrationDelegate$BeanPostProcessorChecker - Bean 'entityManagerFactory' of type [jdk.proxy2.$Proxy97] is not eligible for getting processed by all BeanPostProcessors (for example: not eligible for auto-proxying). Is this bean getting eagerly injected into a currently created BeanPostProcessor [jobRegistryBeanPostProcessor]? Check the corresponding BeanPostProcessor declaration and its dependencies.
2025-05-21 13:51:33 [main] WARN  o.s.c.s.PostProcessorRegistrationDelegate$BeanPostProcessorChecker - Bean 'transactionManager' of type [org.springframework.orm.jpa.JpaTransactionManager] is not eligible for getting processed by all BeanPostProcessors (for example: not eligible for auto-proxying). Is this bean getting eagerly injected into a currently created BeanPostProcessor [jobRegistryBeanPostProcessor]? Check the corresponding BeanPostProcessor declaration and its dependencies.
2025-05-21 13:51:33 [main] WARN  o.s.c.s.PostProcessorRegistrationDelegate$BeanPostProcessorChecker - Bean 'org.springframework.boot.autoconfigure.batch.BatchAutoConfiguration$SpringBootBatchConfiguration' of type [org.springframework.boot.autoconfigure.batch.BatchAutoConfiguration$SpringBootBatchConfiguration] is not eligible for getting processed by all BeanPostProcessors (for example: not eligible for auto-proxying). The currently created BeanPostProcessor [jobRegistryBeanPostProcessor] is declared through a non-static factory method on that class; consider declaring it as static instead.
2025-05-21 13:51:33 [main] DEBUG o.s.b.c.c.s.JobRegistryBeanPostProcessor - Registering job: creditRiskAnalysisJob
2025-05-21 13:51:34 [main] INFO  c.e.c.CreditRiskBatchApplication - Started CreditRiskBatchApplication in 8.869 seconds (process running for 9.609)
2025-05-21 13:51:34 [main] INFO  o.s.b.a.b.JobLauncherApplicationRunner - Running default command line with: []
2025-05-21 13:51:35 [main] INFO  o.s.b.c.l.support.SimpleJobLauncher - Job: [SimpleJob: [name=creditRiskAnalysisJob]] launched with the following parameters: [{}]
2025-05-21 13:51:35 [main] DEBUG o.s.batch.core.job.AbstractJob - Job execution starting: JobExecution: id=1, version=0, startTime=null, endTime=null, lastUpdated=2025-05-21T13:51:35.186287100, status=STARTING, exitStatus=exitCode=UNKNOWN;exitDescription=, job=[JobInstance: id=1, version=0, Job=[creditRiskAnalysisJob]], jobParameters=[{}]
2025-05-21 13:51:35 [main] INFO  o.s.batch.core.job.SimpleStepHandler - Executing step: [creditRiskAnalysisStep]
2025-05-21 13:51:35 [main] DEBUG o.s.batch.core.step.AbstractStep - Executing: id=1
2025-05-21 13:51:35 [main] DEBUG o.s.b.repeat.support.RepeatTemplate - Starting repeat context.
2025-05-21 13:51:35 [main] DEBUG o.s.b.repeat.support.RepeatTemplate - Repeat operation about to start at count=1
2025-05-21 13:51:35 [main] DEBUG o.s.b.c.s.c.StepContextRepeatCallback - Preparing chunk execution for StepContext: org.springframework.batch.core.scope.context.StepContext@580e01cd
2025-05-21 13:51:35 [main] DEBUG o.s.b.c.s.c.StepContextRepeatCallback - Chunk execution starting: queue size=0
2025-05-21 13:51:35 [main] DEBUG o.s.b.repeat.support.RepeatTemplate - Starting repeat context.
2025-05-21 13:51:35 [main] DEBUG o.s.b.repeat.support.RepeatTemplate - Repeat operation about to start at count=1
2025-05-21 13:51:35 [main] DEBUG o.s.b.repeat.support.RepeatTemplate - Repeat operation about to start at count=2
2025-05-21 13:51:35 [main] DEBUG o.s.b.repeat.support.RepeatTemplate - Repeat operation about to start at count=3
2025-05-21 13:51:35 [main] DEBUG o.s.b.repeat.support.RepeatTemplate - Repeat operation about to start at count=4
2025-05-21 13:51:35 [main] DEBUG o.s.b.repeat.support.RepeatTemplate - Repeat operation about to start at count=5
2025-05-21 13:51:35 [main] DEBUG o.s.b.repeat.support.RepeatTemplate - Repeat operation about to start at count=6
2025-05-21 13:51:35 [main] DEBUG o.s.b.repeat.support.RepeatTemplate - Repeat is complete according to policy and result value.
2025-05-21 13:51:35 [main] DEBUG o.s.b.item.database.JpaItemWriter - Writing to JPA with 5 items.
2025-05-21 13:51:35 [main] DEBUG org.hibernate.SQL - 
    insert 
    into
        credit_risk_data
        (credit_score, customer_id, customer_name, debt_to_income_ratio, income, payment_history, risk_category, status, id) 
    values
        (?, ?, ?, ?, ?, ?, ?, ?, default)
2025-05-21 13:51:35 [main] DEBUG org.hibernate.SQL - 
    insert 
    into
        credit_risk_data
        (credit_score, customer_id, customer_name, debt_to_income_ratio, income, payment_history, risk_category, status, id) 
    values
        (?, ?, ?, ?, ?, ?, ?, ?, default)
2025-05-21 13:51:35 [main] DEBUG org.hibernate.SQL - 
    insert 
    into
        credit_risk_data
        (credit_score, customer_id, customer_name, debt_to_income_ratio, income, payment_history, risk_category, status, id) 
    values
        (?, ?, ?, ?, ?, ?, ?, ?, default)
2025-05-21 13:51:35 [main] DEBUG org.hibernate.SQL - 
    insert 
    into
        credit_risk_data
        (credit_score, customer_id, customer_name, debt_to_income_ratio, income, payment_history, risk_category, status, id) 
    values
        (?, ?, ?, ?, ?, ?, ?, ?, default)
2025-05-21 13:51:35 [main] DEBUG org.hibernate.SQL - 
    insert 
    into
        credit_risk_data
        (credit_score, customer_id, customer_name, debt_to_income_ratio, income, payment_history, risk_category, status, id) 
    values
        (?, ?, ?, ?, ?, ?, ?, ?, default)
2025-05-21 13:51:35 [main] DEBUG o.s.b.item.database.JpaItemWriter - 5 entities merged.
2025-05-21 13:51:35 [main] DEBUG o.s.b.item.database.JpaItemWriter - 0 entities found in persistence context.
2025-05-21 13:51:35 [main] DEBUG o.s.b.i.s.AbstractFileItemWriter - Writing to file with 5 items.
2025-05-21 13:51:35 [main] DEBUG o.s.b.c.s.item.ChunkOrientedTasklet - Inputs not busy, ended: true
2025-05-21 13:51:35 [main] DEBUG o.s.b.core.step.tasklet.TaskletStep - Applying contribution: [StepContribution: read=5, written=5, filtered=0, readSkips=0, writeSkips=0, processSkips=0, exitStatus=EXECUTING]
2025-05-21 13:51:35 [main] DEBUG o.s.b.core.step.tasklet.TaskletStep - Saving step execution before commit: StepExecution: id=1, version=1, name=creditRiskAnalysisStep, status=STARTED, exitStatus=EXECUTING, readCount=5, filterCount=0, writeCount=5 readSkipCount=0, writeSkipCount=0, processSkipCount=0, commitCount=1, rollbackCount=0, exitDescription=
2025-05-21 13:51:35 [main] DEBUG o.s.b.repeat.support.RepeatTemplate - Repeat is complete according to policy and result value.
2025-05-21 13:51:35 [main] DEBUG o.s.batch.core.step.AbstractStep - Step execution success: id=1
2025-05-21 13:51:35 [main] INFO  o.s.batch.core.step.AbstractStep - Step: [creditRiskAnalysisStep] executed in 334ms
2025-05-21 13:51:35 [main] DEBUG o.s.batch.core.step.AbstractStep - Step execution complete: StepExecution: id=1, version=3, name=creditRiskAnalysisStep, status=COMPLETED, exitStatus=COMPLETED, readCount=5, filterCount=0, writeCount=5 readSkipCount=0, writeSkipCount=0, processSkipCount=0, commitCount=1, rollbackCount=0
2025-05-21 13:51:35 [main] DEBUG o.s.batch.core.job.AbstractJob - Upgrading JobExecution status: StepExecution: id=1, version=3, name=creditRiskAnalysisStep, status=COMPLETED, exitStatus=COMPLETED, readCount=5, filterCount=0, writeCount=5 readSkipCount=0, writeSkipCount=0, processSkipCount=0, commitCount=1, rollbackCount=0, exitDescription=
2025-05-21 13:51:35 [main] DEBUG o.s.batch.core.job.AbstractJob - Job execution complete: JobExecution: id=1, version=1, startTime=2025-05-21T13:51:35.256060900, endTime=null, lastUpdated=2025-05-21T13:51:35.256060900, status=COMPLETED, exitStatus=exitCode=COMPLETED;exitDescription=, job=[JobInstance: id=1, version=0, Job=[creditRiskAnalysisJob]], jobParameters=[{}]
2025-05-21 13:51:35 [main] INFO  o.s.b.c.l.support.SimpleJobLauncher - Job: [SimpleJob: [name=creditRiskAnalysisJob]] completed with the following parameters: [{}] and the following status: [COMPLETED] in 395ms
2025-05-21 13:51:35 [main] DEBUG o.s.b.c.c.s.JobRegistryBeanPostProcessor - Unregistering job: creditRiskAnalysisJob
2025-05-21 13:51:35 [main] INFO  o.s.o.j.LocalContainerEntityManagerFactoryBean - Closing JPA EntityManagerFactory for persistence unit 'default'
2025-05-21 13:51:35 [main] INFO  com.zaxxer.hikari.HikariDataSource - HikariPool-1 - Shutdown initiated...
2025-05-21 13:51:35 [main] INFO  com.zaxxer.hikari.HikariDataSource - HikariPool-1 - Shutdown completed.
2025-05-21 13:54:58 [main] INFO  c.e.c.CreditRiskBatchApplication - Starting CreditRiskBatchApplication using Java 17.0.8 with PID 6924 (C:\Users\andre\OneDrive\Documentos\Escritorio\LenguajesProgramacion\Java_Spring_Batch\2025\CreditRiskBatch\credit-risk-batch\target\classes started by andre in C:\Users\andre\OneDrive\Documentos\Escritorio\LenguajesProgramacion\Java_Spring_Batch\2025\CreditRiskBatch\credit-risk-batch)
2025-05-21 13:54:58 [main] DEBUG c.e.c.CreditRiskBatchApplication - Running with Spring Boot v3.2.5, Spring v6.1.6
2025-05-21 13:54:58 [main] INFO  c.e.c.CreditRiskBatchApplication - No active profile set, falling back to 1 default profile: "default"
2025-05-21 13:54:59 [main] INFO  o.s.d.r.c.RepositoryConfigurationDelegate - Bootstrapping Spring Data JPA repositories in DEFAULT mode.
2025-05-21 13:54:59 [main] INFO  o.s.d.r.c.RepositoryConfigurationDelegate - Finished Spring Data repository scanning in 29 ms. Found 0 JPA repository interfaces.
2025-05-21 13:55:00 [main] WARN  o.s.c.s.PostProcessorRegistrationDelegate$BeanPostProcessorChecker - Bean 'org.springframework.boot.autoconfigure.jdbc.DataSourceConfiguration$Hikari' of type [org.springframework.boot.autoconfigure.jdbc.DataSourceConfiguration$Hikari] is not eligible for getting processed by all BeanPostProcessors (for example: not eligible for auto-proxying). Is this bean getting eagerly injected into a currently created BeanPostProcessor [jobRegistryBeanPostProcessor]? Check the corresponding BeanPostProcessor declaration and its dependencies.
2025-05-21 13:55:00 [main] WARN  o.s.c.s.PostProcessorRegistrationDelegate$BeanPostProcessorChecker - Bean 'spring.datasource-org.springframework.boot.autoconfigure.jdbc.DataSourceProperties' of type [org.springframework.boot.autoconfigure.jdbc.DataSourceProperties] is not eligible for getting processed by all BeanPostProcessors (for example: not eligible for auto-proxying). Is this bean getting eagerly injected into a currently created BeanPostProcessor [jobRegistryBeanPostProcessor]? Check the corresponding BeanPostProcessor declaration and its dependencies.
2025-05-21 13:55:00 [main] WARN  o.s.c.s.PostProcessorRegistrationDelegate$BeanPostProcessorChecker - Bean 'org.springframework.boot.autoconfigure.jdbc.DataSourceAutoConfiguration$PooledDataSourceConfiguration' of type [org.springframework.boot.autoconfigure.jdbc.DataSourceAutoConfiguration$PooledDataSourceConfiguration] is not eligible for getting processed by all BeanPostProcessors (for example: not eligible for auto-proxying). Is this bean getting eagerly injected into a currently created BeanPostProcessor [jobRegistryBeanPostProcessor]? Check the corresponding BeanPostProcessor declaration and its dependencies.
2025-05-21 13:55:00 [main] WARN  o.s.c.s.PostProcessorRegistrationDelegate$BeanPostProcessorChecker - Bean 'jdbcConnectionDetails' of type [org.springframework.boot.autoconfigure.jdbc.PropertiesJdbcConnectionDetails] is not eligible for getting processed by all BeanPostProcessors (for example: not eligible for auto-proxying). Is this bean getting eagerly injected into a currently created BeanPostProcessor [jobRegistryBeanPostProcessor]? Check the corresponding BeanPostProcessor declaration and its dependencies.
2025-05-21 13:55:00 [main] WARN  o.s.c.s.PostProcessorRegistrationDelegate$BeanPostProcessorChecker - Bean 'dataSource' of type [com.zaxxer.hikari.HikariDataSource] is not eligible for getting processed by all BeanPostProcessors (for example: not eligible for auto-proxying). Is this bean getting eagerly injected into a currently created BeanPostProcessor [jobRegistryBeanPostProcessor]? Check the corresponding BeanPostProcessor declaration and its dependencies.
2025-05-21 13:55:00 [main] WARN  o.s.c.s.PostProcessorRegistrationDelegate$BeanPostProcessorChecker - Bean 'spring.jpa-org.springframework.boot.autoconfigure.orm.jpa.JpaProperties' of type [org.springframework.boot.autoconfigure.orm.jpa.JpaProperties] is not eligible for getting processed by all BeanPostProcessors (for example: not eligible for auto-proxying). Is this bean getting eagerly injected into a currently created BeanPostProcessor [jobRegistryBeanPostProcessor]? Check the corresponding BeanPostProcessor declaration and its dependencies.
2025-05-21 13:55:00 [main] WARN  o.s.c.s.PostProcessorRegistrationDelegate$BeanPostProcessorChecker - Bean 'spring.jpa.hibernate-org.springframework.boot.autoconfigure.orm.jpa.HibernateProperties' of type [org.springframework.boot.autoconfigure.orm.jpa.HibernateProperties] is not eligible for getting processed by all BeanPostProcessors (for example: not eligible for auto-proxying). Is this bean getting eagerly injected into a currently created BeanPostProcessor [jobRegistryBeanPostProcessor]? Check the corresponding BeanPostProcessor declaration and its dependencies.
2025-05-21 13:55:00 [main] WARN  o.s.c.s.PostProcessorRegistrationDelegate$BeanPostProcessorChecker - Bean 'org.springframework.boot.autoconfigure.jdbc.metadata.DataSourcePoolMetadataProvidersConfiguration$HikariPoolDataSourceMetadataProviderConfiguration' of type [org.springframework.boot.autoconfigure.jdbc.metadata.DataSourcePoolMetadataProvidersConfiguration$HikariPoolDataSourceMetadataProviderConfiguration] is not eligible for getting processed by all BeanPostProcessors (for example: not eligible for auto-proxying). Is this bean getting eagerly injected into a currently created BeanPostProcessor [jobRegistryBeanPostProcessor]? Check the corresponding BeanPostProcessor declaration and its dependencies.
2025-05-21 13:55:00 [main] WARN  o.s.c.s.PostProcessorRegistrationDelegate$BeanPostProcessorChecker - Bean 'hikariPoolDataSourceMetadataProvider' of type [org.springframework.boot.autoconfigure.jdbc.metadata.DataSourcePoolMetadataProvidersConfiguration$HikariPoolDataSourceMetadataProviderConfiguration$$Lambda$486/0x00000254c6322228] is not eligible for getting processed by all BeanPostProcessors (for example: not eligible for auto-proxying). Is this bean getting eagerly injected into a currently created BeanPostProcessor [jobRegistryBeanPostProcessor]? Check the corresponding BeanPostProcessor declaration and its dependencies.
2025-05-21 13:55:00 [main] WARN  o.s.c.s.PostProcessorRegistrationDelegate$BeanPostProcessorChecker - Bean 'org.springframework.boot.autoconfigure.orm.jpa.HibernateJpaConfiguration' of type [org.springframework.boot.autoconfigure.orm.jpa.HibernateJpaConfiguration] is not eligible for getting processed by all BeanPostProcessors (for example: not eligible for auto-proxying). Is this bean getting eagerly injected into a currently created BeanPostProcessor [jobRegistryBeanPostProcessor]? Check the corresponding BeanPostProcessor declaration and its dependencies.
2025-05-21 13:55:00 [main] WARN  o.s.c.s.PostProcessorRegistrationDelegate$BeanPostProcessorChecker - Bean 'org.springframework.boot.autoconfigure.transaction.TransactionManagerCustomizationAutoConfiguration' of type [org.springframework.boot.autoconfigure.transaction.TransactionManagerCustomizationAutoConfiguration] is not eligible for getting processed by all BeanPostProcessors (for example: not eligible for auto-proxying). Is this bean getting eagerly injected into a currently created BeanPostProcessor [jobRegistryBeanPostProcessor]? Check the corresponding BeanPostProcessor declaration and its dependencies.
2025-05-21 13:55:00 [main] WARN  o.s.c.s.PostProcessorRegistrationDelegate$BeanPostProcessorChecker - Bean 'transactionExecutionListeners' of type [org.springframework.boot.autoconfigure.transaction.ExecutionListenersTransactionManagerCustomizer] is not eligible for getting processed by all BeanPostProcessors (for example: not eligible for auto-proxying). Is this bean getting eagerly injected into a currently created BeanPostProcessor [jobRegistryBeanPostProcessor]? Check the corresponding BeanPostProcessor declaration and its dependencies.
2025-05-21 13:55:00 [main] WARN  o.s.c.s.PostProcessorRegistrationDelegate$BeanPostProcessorChecker - Bean 'spring.transaction-org.springframework.boot.autoconfigure.transaction.TransactionProperties' of type [org.springframework.boot.autoconfigure.transaction.TransactionProperties] is not eligible for getting processed by all BeanPostProcessors (for example: not eligible for auto-proxying). Is this bean getting eagerly injected into a currently created BeanPostProcessor [jobRegistryBeanPostProcessor]? Check the corresponding BeanPostProcessor declaration and its dependencies.
2025-05-21 13:55:00 [main] WARN  o.s.c.s.PostProcessorRegistrationDelegate$BeanPostProcessorChecker - Bean 'platformTransactionManagerCustomizers' of type [org.springframework.boot.autoconfigure.transaction.TransactionManagerCustomizers] is not eligible for getting processed by all BeanPostProcessors (for example: not eligible for auto-proxying). Is this bean getting eagerly injected into a currently created BeanPostProcessor [jobRegistryBeanPostProcessor]? Check the corresponding BeanPostProcessor declaration and its dependencies.
2025-05-21 13:55:00 [main] WARN  o.s.c.s.PostProcessorRegistrationDelegate$BeanPostProcessorChecker - Bean 'org.springframework.boot.autoconfigure.sql.init.DataSourceInitializationConfiguration' of type [org.springframework.boot.autoconfigure.sql.init.DataSourceInitializationConfiguration] is not eligible for getting processed by all BeanPostProcessors (for example: not eligible for auto-proxying). Is this bean getting eagerly injected into a currently created BeanPostProcessor [jobRegistryBeanPostProcessor]? Check the corresponding BeanPostProcessor declaration and its dependencies.
2025-05-21 13:55:00 [main] WARN  o.s.c.s.PostProcessorRegistrationDelegate$BeanPostProcessorChecker - Bean 'spring.sql.init-org.springframework.boot.autoconfigure.sql.init.SqlInitializationProperties' of type [org.springframework.boot.autoconfigure.sql.init.SqlInitializationProperties] is not eligible for getting processed by all BeanPostProcessors (for example: not eligible for auto-proxying). Is this bean getting eagerly injected into a currently created BeanPostProcessor [jobRegistryBeanPostProcessor]? Check the corresponding BeanPostProcessor declaration and its dependencies.
2025-05-21 13:55:00 [main] WARN  o.s.c.s.PostProcessorRegistrationDelegate$BeanPostProcessorChecker - Bean 'dataSourceScriptDatabaseInitializer' of type [org.springframework.boot.autoconfigure.sql.init.SqlDataSourceScriptDatabaseInitializer] is not eligible for getting processed by all BeanPostProcessors (for example: not eligible for auto-proxying). Is this bean getting eagerly injected into a currently created BeanPostProcessor [jobRegistryBeanPostProcessor]? Check the corresponding BeanPostProcessor declaration and its dependencies.
2025-05-21 13:55:00 [main] WARN  o.s.c.s.PostProcessorRegistrationDelegate$BeanPostProcessorChecker - Bean 'org.springframework.boot.autoconfigure.batch.BatchAutoConfiguration$DataSourceInitializerConfiguration' of type [org.springframework.boot.autoconfigure.batch.BatchAutoConfiguration$DataSourceInitializerConfiguration] is not eligible for getting processed by all BeanPostProcessors (for example: not eligible for auto-proxying). Is this bean getting eagerly injected into a currently created BeanPostProcessor [jobRegistryBeanPostProcessor]? Check the corresponding BeanPostProcessor declaration and its dependencies.
2025-05-21 13:55:00 [main] WARN  o.s.c.s.PostProcessorRegistrationDelegate$BeanPostProcessorChecker - Bean 'spring.batch-org.springframework.boot.autoconfigure.batch.BatchProperties' of type [org.springframework.boot.autoconfigure.batch.BatchProperties] is not eligible for getting processed by all BeanPostProcessors (for example: not eligible for auto-proxying). Is this bean getting eagerly injected into a currently created BeanPostProcessor [jobRegistryBeanPostProcessor]? Check the corresponding BeanPostProcessor declaration and its dependencies.
2025-05-21 13:55:00 [main] INFO  com.zaxxer.hikari.HikariDataSource - HikariPool-1 - Starting...
2025-05-21 13:55:00 [main] INFO  com.zaxxer.hikari.pool.HikariPool - HikariPool-1 - Added connection conn0: url=jdbc:h2:mem:creditriskdb user=SA
2025-05-21 13:55:00 [main] INFO  com.zaxxer.hikari.HikariDataSource - HikariPool-1 - Start completed.
2025-05-21 13:55:01 [main] WARN  o.s.c.s.PostProcessorRegistrationDelegate$BeanPostProcessorChecker - Bean 'batchDataSourceInitializer' of type [org.springframework.boot.autoconfigure.batch.BatchDataSourceScriptDatabaseInitializer] is not eligible for getting processed by all BeanPostProcessors (for example: not eligible for auto-proxying). Is this bean getting eagerly injected into a currently created BeanPostProcessor [jobRegistryBeanPostProcessor]? Check the corresponding BeanPostProcessor declaration and its dependencies.
2025-05-21 13:55:01 [main] WARN  o.s.c.s.PostProcessorRegistrationDelegate$BeanPostProcessorChecker - Bean 'jpaVendorAdapter' of type [org.springframework.orm.jpa.vendor.HibernateJpaVendorAdapter] is not eligible for getting processed by all BeanPostProcessors (for example: not eligible for auto-proxying). Is this bean getting eagerly injected into a currently created BeanPostProcessor [jobRegistryBeanPostProcessor]? Check the corresponding BeanPostProcessor declaration and its dependencies.
2025-05-21 13:55:01 [main] WARN  o.s.c.s.PostProcessorRegistrationDelegate$BeanPostProcessorChecker - Bean 'entityManagerFactoryBuilder' of type [org.springframework.boot.orm.jpa.EntityManagerFactoryBuilder] is not eligible for getting processed by all BeanPostProcessors (for example: not eligible for auto-proxying). Is this bean getting eagerly injected into a currently created BeanPostProcessor [jobRegistryBeanPostProcessor]? Check the corresponding BeanPostProcessor declaration and its dependencies.
2025-05-21 13:55:01 [main] WARN  o.s.c.s.PostProcessorRegistrationDelegate$BeanPostProcessorChecker - Bean 'persistenceManagedTypes' of type [org.springframework.orm.jpa.persistenceunit.SimplePersistenceManagedTypes] is not eligible for getting processed by all BeanPostProcessors (for example: not eligible for auto-proxying). Is this bean getting eagerly injected into a currently created BeanPostProcessor [jobRegistryBeanPostProcessor]? Check the corresponding BeanPostProcessor declaration and its dependencies.
2025-05-21 13:55:01 [main] INFO  o.h.jpa.internal.util.LogHelper - HHH000204: Processing PersistenceUnitInfo [name: default]
2025-05-21 13:55:01 [main] INFO  org.hibernate.Version - HHH000412: Hibernate ORM core version 6.4.4.Final
2025-05-21 13:55:01 [main] INFO  o.h.c.i.RegionFactoryInitiator - HHH000026: Second-level cache disabled
2025-05-21 13:55:02 [main] INFO  o.s.o.j.p.SpringPersistenceUnitInfo - No LoadTimeWeaver setup: ignoring JPA class transformer
2025-05-21 13:55:02 [main] WARN  org.hibernate.orm.deprecation - HHH90000025: H2Dialect does not need to be specified explicitly using 'hibernate.dialect' (remove the property setting and it will be selected by default)
2025-05-21 13:55:03 [main] INFO  o.h.e.t.j.p.i.JtaPlatformInitiator - HHH000489: No JTA platform available (set 'hibernate.transaction.jta.platform' to enable JTA platform integration)
2025-05-21 13:55:04 [main] DEBUG org.hibernate.SQL - 
    create table credit_risk_data (
        id bigint generated by default as identity,
        additional_info varchar(255),
        credit_score float(53) not null,
        customer_id varchar(255),
        customer_name varchar(255),
        debt_to_income_ratio float(53) not null,
        income float(53) not null,
        payment_history integer not null,
        recommendations varchar(255),
        risk_category varchar(255),
        status varchar(255),
        primary key (id)
    )
2025-05-21 13:55:04 [main] INFO  o.s.o.j.LocalContainerEntityManagerFactoryBean - Initialized JPA EntityManagerFactory for persistence unit 'default'
2025-05-21 13:55:04 [main] WARN  o.s.c.s.PostProcessorRegistrationDelegate$BeanPostProcessorChecker - Bean 'entityManagerFactory' of type [org.springframework.orm.jpa.LocalContainerEntityManagerFactoryBean] is not eligible for getting processed by all BeanPostProcessors (for example: not eligible for auto-proxying). Is this bean getting eagerly injected into a currently created BeanPostProcessor [jobRegistryBeanPostProcessor]? Check the corresponding BeanPostProcessor declaration and its dependencies.
2025-05-21 13:55:04 [main] WARN  o.s.c.s.PostProcessorRegistrationDelegate$BeanPostProcessorChecker - Bean 'entityManagerFactory' of type [jdk.proxy2.$Proxy98] is not eligible for getting processed by all BeanPostProcessors (for example: not eligible for auto-proxying). Is this bean getting eagerly injected into a currently created BeanPostProcessor [jobRegistryBeanPostProcessor]? Check the corresponding BeanPostProcessor declaration and its dependencies.
2025-05-21 13:55:04 [main] WARN  o.s.c.s.PostProcessorRegistrationDelegate$BeanPostProcessorChecker - Bean 'transactionManager' of type [org.springframework.orm.jpa.JpaTransactionManager] is not eligible for getting processed by all BeanPostProcessors (for example: not eligible for auto-proxying). Is this bean getting eagerly injected into a currently created BeanPostProcessor [jobRegistryBeanPostProcessor]? Check the corresponding BeanPostProcessor declaration and its dependencies.
2025-05-21 13:55:04 [main] WARN  o.s.c.s.PostProcessorRegistrationDelegate$BeanPostProcessorChecker - Bean 'org.springframework.boot.autoconfigure.batch.BatchAutoConfiguration$SpringBootBatchConfiguration' of type [org.springframework.boot.autoconfigure.batch.BatchAutoConfiguration$SpringBootBatchConfiguration] is not eligible for getting processed by all BeanPostProcessors (for example: not eligible for auto-proxying). The currently created BeanPostProcessor [jobRegistryBeanPostProcessor] is declared through a non-static factory method on that class; consider declaring it as static instead.
2025-05-21 13:55:04 [main] DEBUG o.s.b.c.c.s.JobRegistryBeanPostProcessor - Registering job: creditRiskAnalysisJob
2025-05-21 13:55:05 [main] INFO  c.e.c.CreditRiskBatchApplication - Started CreditRiskBatchApplication in 8.356 seconds (process running for 9.014)
2025-05-21 13:55:05 [main] INFO  o.s.b.a.b.JobLauncherApplicationRunner - Running default command line with: []
2025-05-21 13:55:05 [main] INFO  o.s.b.c.l.support.SimpleJobLauncher - Job: [SimpleJob: [name=creditRiskAnalysisJob]] launched with the following parameters: [{}]
2025-05-21 13:55:05 [main] DEBUG o.s.batch.core.job.AbstractJob - Job execution starting: JobExecution: id=1, version=0, startTime=null, endTime=null, lastUpdated=2025-05-21T13:55:05.597973700, status=STARTING, exitStatus=exitCode=UNKNOWN;exitDescription=, job=[JobInstance: id=1, version=0, Job=[creditRiskAnalysisJob]], jobParameters=[{}]
2025-05-21 13:55:05 [main] INFO  o.s.batch.core.job.SimpleStepHandler - Executing step: [creditRiskAnalysisStep]
2025-05-21 13:55:05 [main] DEBUG o.s.batch.core.step.AbstractStep - Executing: id=1
2025-05-21 13:55:05 [main] DEBUG o.s.b.repeat.support.RepeatTemplate - Starting repeat context.
2025-05-21 13:55:05 [main] DEBUG o.s.b.repeat.support.RepeatTemplate - Repeat operation about to start at count=1
2025-05-21 13:55:05 [main] DEBUG o.s.b.c.s.c.StepContextRepeatCallback - Preparing chunk execution for StepContext: org.springframework.batch.core.scope.context.StepContext@743b7025
2025-05-21 13:55:05 [main] DEBUG o.s.b.c.s.c.StepContextRepeatCallback - Chunk execution starting: queue size=0
2025-05-21 13:55:05 [main] DEBUG o.s.b.repeat.support.RepeatTemplate - Starting repeat context.
2025-05-21 13:55:05 [main] DEBUG o.s.b.repeat.support.RepeatTemplate - Repeat operation about to start at count=1
2025-05-21 13:55:05 [main] DEBUG o.s.b.repeat.support.RepeatTemplate - Repeat operation about to start at count=2
2025-05-21 13:55:05 [main] DEBUG o.s.b.repeat.support.RepeatTemplate - Repeat operation about to start at count=3
2025-05-21 13:55:05 [main] DEBUG o.s.b.repeat.support.RepeatTemplate - Repeat operation about to start at count=4
2025-05-21 13:55:05 [main] DEBUG o.s.b.repeat.support.RepeatTemplate - Repeat operation about to start at count=5
2025-05-21 13:55:05 [main] DEBUG o.s.b.repeat.support.RepeatTemplate - Repeat operation about to start at count=6
2025-05-21 13:55:05 [main] DEBUG o.s.b.repeat.support.RepeatTemplate - Repeat is complete according to policy and result value.
2025-05-21 13:55:05 [main] DEBUG o.s.b.item.database.JpaItemWriter - Writing to JPA with 5 items.
2025-05-21 13:55:05 [main] DEBUG org.hibernate.SQL - 
    insert 
    into
        credit_risk_data
        (additional_info, credit_score, customer_id, customer_name, debt_to_income_ratio, income, payment_history, recommendations, risk_category, status, id) 
    values
        (?, ?, ?, ?, ?, ?, ?, ?, ?, ?, default)
2025-05-21 13:55:05 [main] DEBUG org.hibernate.SQL - 
    insert 
    into
        credit_risk_data
        (additional_info, credit_score, customer_id, customer_name, debt_to_income_ratio, income, payment_history, recommendations, risk_category, status, id) 
    values
        (?, ?, ?, ?, ?, ?, ?, ?, ?, ?, default)
2025-05-21 13:55:05 [main] DEBUG org.hibernate.SQL - 
    insert 
    into
        credit_risk_data
        (additional_info, credit_score, customer_id, customer_name, debt_to_income_ratio, income, payment_history, recommendations, risk_category, status, id) 
    values
        (?, ?, ?, ?, ?, ?, ?, ?, ?, ?, default)
2025-05-21 13:55:05 [main] DEBUG org.hibernate.SQL - 
    insert 
    into
        credit_risk_data
        (additional_info, credit_score, customer_id, customer_name, debt_to_income_ratio, income, payment_history, recommendations, risk_category, status, id) 
    values
        (?, ?, ?, ?, ?, ?, ?, ?, ?, ?, default)
2025-05-21 13:55:05 [main] DEBUG org.hibernate.SQL - 
    insert 
    into
        credit_risk_data
        (additional_info, credit_score, customer_id, customer_name, debt_to_income_ratio, income, payment_history, recommendations, risk_category, status, id) 
    values
        (?, ?, ?, ?, ?, ?, ?, ?, ?, ?, default)
2025-05-21 13:55:05 [main] DEBUG o.s.b.item.database.JpaItemWriter - 5 entities merged.
2025-05-21 13:55:05 [main] DEBUG o.s.b.item.database.JpaItemWriter - 0 entities found in persistence context.
2025-05-21 13:55:05 [main] DEBUG o.s.b.i.s.AbstractFileItemWriter - Writing to file with 5 items.
2025-05-21 13:55:05 [main] DEBUG o.s.b.c.s.item.ChunkOrientedTasklet - Inputs not busy, ended: true
2025-05-21 13:55:05 [main] DEBUG o.s.b.core.step.tasklet.TaskletStep - Applying contribution: [StepContribution: read=5, written=5, filtered=0, readSkips=0, writeSkips=0, processSkips=0, exitStatus=EXECUTING]
2025-05-21 13:55:05 [main] DEBUG o.s.b.core.step.tasklet.TaskletStep - Saving step execution before commit: StepExecution: id=1, version=1, name=creditRiskAnalysisStep, status=STARTED, exitStatus=EXECUTING, readCount=5, filterCount=0, writeCount=5 readSkipCount=0, writeSkipCount=0, processSkipCount=0, commitCount=1, rollbackCount=0, exitDescription=
2025-05-21 13:55:05 [main] DEBUG o.s.b.repeat.support.RepeatTemplate - Repeat is complete according to policy and result value.
2025-05-21 13:55:05 [main] DEBUG o.s.batch.core.step.AbstractStep - Step execution success: id=1
2025-05-21 13:55:05 [main] INFO  o.s.batch.core.step.AbstractStep - Step: [creditRiskAnalysisStep] executed in 246ms
2025-05-21 13:55:05 [main] DEBUG o.s.batch.core.step.AbstractStep - Step execution complete: StepExecution: id=1, version=3, name=creditRiskAnalysisStep, status=COMPLETED, exitStatus=COMPLETED, readCount=5, filterCount=0, writeCount=5 readSkipCount=0, writeSkipCount=0, processSkipCount=0, commitCount=1, rollbackCount=0
2025-05-21 13:55:05 [main] DEBUG o.s.batch.core.job.AbstractJob - Upgrading JobExecution status: StepExecution: id=1, version=3, name=creditRiskAnalysisStep, status=COMPLETED, exitStatus=COMPLETED, readCount=5, filterCount=0, writeCount=5 readSkipCount=0, writeSkipCount=0, processSkipCount=0, commitCount=1, rollbackCount=0, exitDescription=
2025-05-21 13:55:05 [main] DEBUG o.s.batch.core.job.AbstractJob - Job execution complete: JobExecution: id=1, version=1, startTime=2025-05-21T13:55:05.647705800, endTime=null, lastUpdated=2025-05-21T13:55:05.648686300, status=COMPLETED, exitStatus=exitCode=COMPLETED;exitDescription=, job=[JobInstance: id=1, version=0, Job=[creditRiskAnalysisJob]], jobParameters=[{}]
2025-05-21 13:55:05 [main] INFO  o.s.b.c.l.support.SimpleJobLauncher - Job: [SimpleJob: [name=creditRiskAnalysisJob]] completed with the following parameters: [{}] and the following status: [COMPLETED] in 295ms
2025-05-21 13:55:05 [main] DEBUG o.s.b.c.c.s.JobRegistryBeanPostProcessor - Unregistering job: creditRiskAnalysisJob
2025-05-21 13:55:05 [main] INFO  o.s.o.j.LocalContainerEntityManagerFactoryBean - Closing JPA EntityManagerFactory for persistence unit 'default'
2025-05-21 13:55:05 [main] INFO  com.zaxxer.hikari.HikariDataSource - HikariPool-1 - Shutdown initiated...
2025-05-21 13:55:05 [main] INFO  com.zaxxer.hikari.HikariDataSource - HikariPool-1 - Shutdown completed.
